_off^_usr, _off^_usr, _off^_usr, _off^_usr, _off^_usr, _off^_usr, _off^_usr, _off^_usr, _off^_usr, _off^_usr, _off^_usr, _off^_usr, _off^_usr, _off^_usr, _off^_usr, _off^_usr, _off^_usr, _off^_usr, _off^_usr, _off^_usr, _off^_usr, _off^_usr, _off^_usr, _off^_usr, _off^_usr, _off^_usr, _off^_usr, _off^_usr, _off^_usr, _off^_usr, _off^_usr, _off^_usr, _off^_usr, _off^_usr, _off^_usr, _off^_usr, _off^_usr, _off^_usr, _off^_usr, _off^_usr, _off^_usr, _off^_usr, _off^_usr, _off^_usr, _off^_usr, _off^_usr, _off^_usr, _off^_usr, _off^_usr, _off^_usr, _off^_usr, _off^_usr, _off^_usr, _off^_usr, _off^_usr, _off^_usr, _off^_usr, _off^_usr, _off^_usr, _off^_usr, _off^_usr
_off^_usr, _off^_usr, _off^_usr, _off^_usr, _off^_usr, _off^_usr, _off^_usr, _off^_usr, _off^_usr, _off^_usr, _off^_usr, _off^_usr, _off^_usr, _off^_usr, _off^_usr, _off^_usr, _off^_usr, _off^_usr, _off^_usr, _off^_usr, _off^_usr, _off^_usr, _off^_usr, _off^_usr, _off^_usr, _off^_usr, _off^_usr, _off^_usr, _off^_usr, _off^_usr, _off^_usr, _off^_usr, _off^_usr, _off^_usr, _off^_usr, _off^_usr, _off^_usr, _off^_usr, _off^_usr, _off^_usr, _off^_usr, _off^_usr, _off^_usr, _off^_usr, _off^_usr, _off^_usr, _off^_usr, _off^_usr, _off^_usr, _off^_usr, _off^_usr, _off^_usr, _off^_usr, _off^_usr, _off^_usr, _off^_usr, _off^_usr, _off^_usr, _off^_usr, _off^_usr, _off^_usr
_off^_usr, _off^_usr, _off^_usr, _off^_usr, _off^_usr, _off^_usr, _off^_usr, _off^_usr, _off^_usr, _off^_usr, _off^_usr, _off^_usr, _off^_usr, _off^_usr, _off^_usr, _off^_usr, _off^_usr, _off^_usr, _off^_usr, _off^_usr, _off^_usr, _off^_usr, _off^_usr, _off^_usr, _off^_usr, _off^_usr, _off^_usr, _off^_usr, _off^_usr, _off^_usr, _off^_usr, _off^_usr, _off^_usr, _off^_usr, _off^_usr, _off^_usr, _off^_usr, _off^_usr, _off^_usr, _off^_usr, _off^_usr, _off^_usr, _off^_usr, _off^_usr, _off^_usr, _off^_usr, _off^_usr, _off^_usr, _off^_usr, _off^_usr, _off^_usr, _off^_usr, _off^_usr, _off^_usr, _off^_usr, _off^_usr, _off^_usr, _off^_usr, _off^_usr, _off^_usr, _off^_usr
_off^_usr, _off^_usr, _off^_usr, _off^_usr, _off^_usr, _off^_usr, _off^_usr, _off^_usr, _off^_usr, _off^_usr, _off^_usr, _off^_usr, _off^_usr, _off^_usr, _off^_usr, _off^_usr, _off^_usr, _off^_usr, _off^_usr, _off^_usr, _off^_usr, _off^_usr, _off^_usr, _off^_usr, _off^_usr, _off^_usr, _off^_usr, _off^_usr, _off^_usr, _off^_usr, Xu, _off^_usr, _off^_usr, _off^_usr, _off^_usr, _off^_usr, _off^_usr, _off^_usr, _off^_usr, _off^_usr, _off^_usr, _off^_usr, _off^_usr, _off^_usr, _off^_usr, _off^_usr, _off^_usr, _off^_usr, _off^_usr, _off^_usr, _off^_usr, _off^_usr, _off^_usr, _off^_usr, _off^_usr, _off^_usr, _off^_usr, _off^_usr, _off^_usr, _off^_usr, _off^_usr
_off^_usr, _off^_usr, _off^_usr, _off^_usr, _off^_usr, _off^_usr, _off^_usr, _off^_usr, _off^_usr, _off^_usr, _off^_usr, _off^_usr, _off^_usr, _off^_usr, _off^_usr, _off^_usr, _off^_usr, _off^_usr, _off^_usr, _off^_usr, _off^_usr, _off^_usr, _off^_usr, _off^_usr, _off^_usr, _off^_usr, _off^_usr, _off^_usr, Xu, Xu, Aa, Xu, Xu, _off^_usr, _off^_usr, _off^_usr, _off^_usr, _off^_usr, _off^_usr, _off^_usr, _off^_usr, _off^_usr, _off^_usr, _off^_usr, _off^_usr, _off^_usr, _off^_usr, _off^_usr, _off^_usr, _off^_usr, _off^_usr, _off^_usr, _off^_usr, _off^_usr, _off^_usr, _off^_usr, _off^_usr, _off^_usr, _off^_usr, _off^_usr, _off^_usr
_off^_usr, _off^_usr, _off^_usr, _off^_usr, _off^_usr, _off^_usr, _off^_usr, _off^_usr, _off^_usr, _off^_usr, _off^_usr, _off^_usr, _off^_usr, _off^_usr, _off^_usr, _off^_usr, _off^_usr, _off^_usr, _off^_usr, _off^_usr, Xu, Xu, Xu, _off^_usr, _off^_usr, _off^_usr, _off^_usr, _off^_usr, Xu, Aa, Aa, Aa, Xu, _off^_usr, _off^_usr, _off^_usr, _off^_usr, _off^_usr, Xu, Xu, Xu, _off^_usr, _off^_usr, _off^_usr, _off^_usr, _off^_usr, _off^_usr, _off^_usr, _off^_usr, _off^_usr, _off^_usr, _off^_usr, _off^_usr, _off^_usr, _off^_usr, _off^_usr, _off^_usr, _off^_usr, _off^_usr, _off^_usr, _off^_usr
_off^_usr, _off^_usr, _off^_usr, _off^_usr, _off^_usr, _off^_usr, _off^_usr, _off^_usr, _off^_usr, _off^_usr, _off^_usr, _off^_usr, _off^_usr, _off^_usr, _off^_usr, _off^_usr, _off^_usr, _off^_usr, _off^_usr, Xu, Ql, Ql, Ql, Xu, Xu, Xu, Xu, _off^_usr, Xu, Xu, Xu, Xu, Xu, _off^_usr, Xu, Xu, Xu, Xu, Ql, Ql, Ql, Xu, _off^_usr, _off^_usr, _off^_usr, _off^_usr, _off^_usr, _off^_usr, _off^_usr, _off^_usr, _off^_usr, _off^_usr, _off^_usr, _off^_usr, _off^_usr, _off^_usr, _off^_usr, _off^_usr, _off^_usr, _off^_usr, _off^_usr
_off^_usr, _off^_usr, _off^_usr, _off^_usr, _off^_usr, _off^_usr, _off^_usr, _off^_usr, _off^_usr, _off^_usr, _off^_usr, _off^_usr, _off^_usr, _off^_usr, _off^_usr, _off^_usr, _off^_usr, _off^_usr, _off^_usr, Xu, Ql, Ql, Ql, Xu, Uu, Uu, Uu, Xu, Wog^Qhh, Wog^Qhh, Wwf, Wog^Qhh, Wog^Qhh, Xu, Uu, Uu, Uu, Xu, Ql, Ql, Ql, Xu, _off^_usr, _off^_usr, _off^_usr, _off^_usr, _off^_usr, _off^_usr, _off^_usr, _off^_usr, _off^_usr, _off^_usr, _off^_usr, _off^_usr, _off^_usr, _off^_usr, _off^_usr, _off^_usr, _off^_usr, _off^_usr, _off^_usr
_off^_usr, _off^_usr, _off^_usr, _off^_usr, _off^_usr, _off^_usr, _off^_usr, _off^_usr, _off^_usr, _off^_usr, _off^_usr, _off^_usr, _off^_usr, _off^_usr, _off^_usr, _off^_usr, _off^_usr, _off^_usr, _off^_usr, Xu, Xu, Ql, Xu, Xu, Xu, Xu, Uh, Wwf, Wwf, Wwf, Wog^Qhu, Wwf, Wwf, Wwf, Uh, Xu, Xu, Xu, Xu, Ql, Xu, Xu, _off^_usr, _off^_usr, _off^_usr, _off^_usr, _off^_usr, _off^_usr, _off^_usr, _off^_usr, _off^_usr, _off^_usr, _off^_usr, _off^_usr, _off^_usr, _off^_usr, _off^_usr, _off^_usr, _off^_usr, _off^_usr, _off^_usr
_off^_usr, _off^_usr, _off^_usr, _off^_usr, _off^_usr, _off^_usr, _off^_usr, _off^_usr, _off^_usr, _off^_usr, _off^_usr, _off^_usr, _off^_usr, _off^_usr, _off^_usr, _off^_usr, _off^_usr, _off^_usr, Xu, Xu, Wo, Xu, Xu, Wog^Qhh, Wog, Xu, Wwf, Wwf, Wwg, Wog^Qhu, Qxu^Ii, Wog^Qhu, Wwg, Wwf, Wwf, Xu, Wog, Wog^Qhh, Xu, Xu, Wo, Xu, Xu, _off^_usr, _off^_usr, _off^_usr, _off^_usr, _off^_usr, _off^_usr, _off^_usr, _off^_usr, _off^_usr, _off^_usr, _off^_usr, _off^_usr, _off^_usr, _off^_usr, _off^_usr, _off^_usr, _off^_usr, _off^_usr
_off^_usr, _off^_usr, _off^_usr, _off^_usr, _off^_usr, _off^_usr, _off^_usr, _off^_usr, _off^_usr, _off^_usr, _off^_usr, _off^_usr, _off^_usr, _off^_usr, _off^_usr, _off^_usr, _off^_usr, _off^_usr, Xu, Wo, Xu, Wo, Xu, Wog, Wog, Wog, Wwf, Wwg, Wwg, Wog^Qhu, Wog^Qhu, Wog^Qhu, Wwg, Wwg, Wwf, Wog, Wog, Wog, Xu, Wo, Xu, Wo, Xu, _off^_usr, _off^_usr, _off^_usr, _off^_usr, _off^_usr, _off^_usr, _off^_usr, _off^_usr, _off^_usr, _off^_usr, _off^_usr, _off^_usr, _off^_usr, _off^_usr, _off^_usr, _off^_usr, _off^_usr, _off^_usr
_off^_usr, _off^_usr, _off^_usr, _off^_usr, _off^_usr, _off^_usr, _off^_usr, _off^_usr, _off^_usr, _off^_usr, _off^_usr, _off^_usr, _off^_usr, _off^_usr, Xu, Xu, Xu, _off^_usr, Xu, Wo, Wo, Wo, Xu, Wog^Qhh, Xu, Xu, Uh, Wwf, Wwf, Wwf, Wwf, Wwf, Wwf, Wwf, Uh, Xu, Xu, Wog^Qhh, Xu, Wo, Wo, Wo, Xu, _off^_usr, Xu, Xu, Xu, _off^_usr, _off^_usr, _off^_usr, _off^_usr, _off^_usr, _off^_usr, _off^_usr, _off^_usr, _off^_usr, _off^_usr, _off^_usr, _off^_usr, _off^_usr, _off^_usr
_off^_usr, _off^_usr, _off^_usr, _off^_usr, _off^_usr, _off^_usr, _off^_usr, _off^_usr, _off^_usr, _off^_usr, _off^_usr, _off^_usr, _off^_usr, Xu, Ww, Ww, Ww, Xu, Xu, Xu, Xu, Xu, Xu, Xu, Uu, Uu, Wwg, Wwg, Xur, Uu^Tf, Uu, Uu^Tf, Xur^Qhh, Wwg, Wwg, Uu, Uu, Xu, Xu, Xu, Xu, Xu, Xu, Xu, Ww, Ww, Ww, Xu, _off^_usr, _off^_usr, _off^_usr, _off^_usr, _off^_usr, _off^_usr, _off^_usr, _off^_usr, _off^_usr, _off^_usr, _off^_usr, _off^_usr, _off^_usr
_off^_usr, _off^_usr, _off^_usr, _off^_usr, _off^_usr, _off^_usr, _off^_usr, _off^_usr, _off^_usr, _off^_usr, Xu, _off^_usr, _off^_usr, Xu, Xu, Xu, Ww, Xu, Xu, Xu, Uu, Xu, Uu, Uu, Qxua^Ii, Wwg, Ww, Xur, Xur, Uu, Uu, Uu, Xur^Qhh, Xur^Qhh, Wwg, Wwg, Qxua^Ii, Uu, Uu, Xu, Uu, Xu, Xu, Xu, Ww, Xu, Xu, Xu, _off^_usr, _off^_usr, Xu, _off^_usr, _off^_usr, _off^_usr, _off^_usr, _off^_usr, _off^_usr, _off^_usr, _off^_usr, _off^_usr, _off^_usr
_off^_usr, _off^_usr, _off^_usr, _off^_usr, _off^_usr, _off^_usr, _off^_usr, _off^_usr, Xu, Xu, Ai, Xu, Xu, Xu, Cer, Xu, Xu, Xu, Xu, Uu, Xur, Uu, Xu, Xur, Wwg, Wwg, Uu, Wwf, Uu, Uu^Tf, Uu, Uu^Tf, Uu, Wwf, Uu, Wwg, Wwg, Xur, Xu, Uu, Xur, Uu, Xu, Xu, Xu, Xu, Co, Xu, Xu, Xu, Ai, Xu, Xu, _off^_usr, _off^_usr, _off^_usr, _off^_usr, _off^_usr, _off^_usr, _off^_usr, _off^_usr
_off^_usr, _off^_usr, _off^_usr, _off^_usr, _off^_usr, _off^_usr, _off^_usr, _off^_usr, Xu, Ai, Xu, Xu, Cer, 9 Khs, Cer, Xu, Cer, Xu, Rb, Uu, Ss^Vhs, Xu, Xu, Wwg, Wwg, Xur, Uu^Tf, Uu, Xur, Rb, Re, Rb, Xur, Uu, Uu^Tf, Xur, Wwg, Wwg, Xu, Xu, Uu^Vu, Uu, Rb, Xu, Co, Xu, Co, 6 Ker, Co, Xu, Xu, Ai, Xu, _off^_usr, _off^_usr, _off^_usr, _off^_usr, _off^_usr, _off^_usr, _off^_usr, _off^_usr
_off^_usr, _off^_usr, _off^_usr, _off^_usr, Xu, Xu, Xu, _off^_usr, Xu, Ai, Ai, Xu, Xu, Cer, Rp, Cer, Rb, Rb, Rp, Rp, Ss^Vhs, Ss^Vhs, Xur, Wwg, Xur, Xu, Xu, Xu, Gg, Gll, Gs^Fp, Gll, Gg, Xu, Xu, Xu, Xur, Wwg, Xur, Uu^Vu, Uu^Vu, Rp, Rp, Rb, Rb, Co, Rp, Co, Xu, Xu, Ai, Ai, Xu, _off^_usr, Xu, Xu, Xu, _off^_usr, _off^_usr, _off^_usr, _off^_usr
_off^_usr, _off^_usr, _off^_usr, Xu, Aa, Aa, Aa, Xu, Wo, Xu, Xu, Xu, Cer, Cer, Rb, Rp, Rp, Rp, Xu, Xu, Xu, Xu, Wwf, Wwg, Ss, Gll^Fp, Gg, Gs^Fp, Gg, Gg, Gg, Gg, Gs, Gs^Fp, Gg, Gll^Fp, Ss, Wwg, Wwf, Xu, Xu, Xu, Xu, Rp, Rp, Rp, Rb, Co, Co, Xu, Xu, Xu, Wo, Xu, Aa, Aa, Aa, Xu, _off^_usr, _off^_usr, _off^_usr
_off^_usr, _off^_usr, _off^_usr, Xu, Aa, Xu, Aa, Xu, Wo, Wo, Xu, Xu, Ss^Vhs, Ss^Vhs, Rb, Gs, Rp, Xu, Ce, Ce, Gs^Fp, Gs^Fp, Gs^Fp, Wwf, Wwf, Gs, Cer^Qhh, Gg, Gg, Gg, Gd^Vhr, Gg, Gg, Gg, Co, Gs, Wwf, Wwf, Gs^Fp, Gs^Fp, Gs^Fp, Ce, Ce, Xu, Rp, Rb, Rb, Uu^Vu, Uu^Vu, Xu, Xu, Wo, Wo, Xu, Aa, Xu, Aa, Xu, _off^_usr, _off^_usr, _off^_usr
_off^_usr, _off^_usr, _off^_usr, Xu, Xu, Aa, Xu, Xu, Xu, Xu, Ql, Xu, Xu, Ss^Vhs, Rb, Gs, Rp, Xu, Xu, 1 Ke, Gs^Fp, Hh, Xu, Xu, Xur, Wwf, Rb, Gg, Gg, Gg, Gs^Fp, Gg, Gg, Gg, Rb, Wwf, Xur, Xur, Xu, Hh, Gs^Fp, 2 Ke, Xu, Xu, Rp, Rb, Rb, Uu^Vu, Xu, Xu, Ql, Xu, Xu, Xu, Xu, Aa, Xu, Xu, _off^_usr, _off^_usr, _off^_usr
_off^_usr, _off^_usr, _off^_usr, _off^_usr, _off^_usr, Xu, Ww, Ww, Xu, Ql, Ql, Ql, Xu, Ss^Vhs, Gll, Gs, Rp, Uu^Vu, Xu, Gd^Vhr, Gs^Fp, Gs^Fp, Xur, Wwf, Wwf, Wwf, Ss, Gg, Gg, Gs^Fp, Gs^Fp, Gs^Fp, Gg, Gg, Ss, Wwf, Wwf, Wwf, Xur, Gs^Fp, Gs^Fp, Gd^Vhr, Xu, Uu^Vu, Rp, Rb, Rb, Uu^Vu, Xu, Ql, Ql, Ql, Xu, Ww, Ww, Xu, _off^_usr, _off^_usr, _off^_usr, _off^_usr, _off^_usr
_off^_usr, _off^_usr, _off^_usr, _off^_usr, Xu, Xu, Xu, Ww, Xu, Ql, Ql, Ql, Xu, Xu, Gll, Gs, Rp, Uu^Vu, Xu, Gs^Fp, Gs^Fp, Gs^Fp, Gg, Gs, Wwg, Wwf, Gs^Fp, Gs, Hh, Gg, Gg, Gg, Wwf, Gs, Wwf, Wwf, Wwg, Gs, Gg, Gs^Fp, Gs^Fp, Gs^Fp, Xu, Uu^Vu, Rp, Rb, Rb, Xur, Xu, Ql, Ql, Ql, Xu, Ww, Xu, Xu, Xu, _off^_usr, _off^_usr, _off^_usr, _off^_usr
_off^_usr, _off^_usr, _off^_usr, Xu, Ds, Ds, Ds, Xu, Ai, Xu, Xu, Xu, Xur, Gll^Fdw, Gll, Gs, Rp, Uu^Vu, Xu, Hh, Xur, Gg, Wwg, Wwg, Rb, Rb, Gg, Gg, Xu, Xu, Wwg, Wwf, Xu, Wwf, Rb, Rb, Rb, Wwg, Wwg, Gg, Xur, Hh, Xu, Uu^Vu, Rp, Rb, Rb, Uu^Tf, Xur, Xu, Xu, Xu, Ai, Xu, Ds, Ds, Ds, Xu, _off^_usr, _off^_usr, _off^_usr
_off^_usr, _off^_usr, _off^_usr, Xu, Ds, Xu, Ds, Xu, Ai, Ai, Xu, Xu, Uu, Gll, Gll, Gs, Rp, Xur, Gs^Ecf, Xu, Wwg, Wwg, Gg, Ss, Gd, Gg, Gg, Xu, Wwg, Wwg, Xu, Xu, Xu, Hh, Xu, Md^Xm, Rb, Ss, Wwf, Wwg, Wwg, Xu, Gg^Ecf, Xur^Qhh, Rp, Rb, Rb, Uu, Uu, Xu, Xu, Ai, Ai, Xu, Ds, Xu, Ds, Xu, _off^_usr, _off^_usr, _off^_usr
_off^_usr, _off^_usr, _off^_usr, Xu, Xu, Ds, Xu, Xu, Xu, Xu, Uu^Tf, Uu, Uu, Xur, Xur, Cer^Qhh, Xur, Rp, Rp, Wwg, Rb, Gg, Gg, Gg, Gg, Gg, Xu, Xu, Wwg, Wwg, Xu, Ss, Ss, Xu, Wwg, Xu, Xu, Wwg, Wwg, Wwf, Wwf, Wwg, Rp, Rp, Xur, Co^Qhh, Xur, Xur, Uu, Uu, Uu^Tf, Xu, Xu, Xu, Xu, Ds, Xu, Xu, _off^_usr, _off^_usr, _off^_usr
_off^_usr, _off^_usr, _off^_usr, _off^_usr, _off^_usr, Xu, Dd, Dd, Xu, Uu^Tf, Uu^Vu, Uu^Tf, Uu, Wog, Wog, Xu, Mm^Xm, Gs^Ecf, Wwg, Wwf, Rb, Gg, Gg, Gg, Gg, Xu, Gg, Wwf, Wwg, Xu, Ss, Ss, Ss, Wwf, Wwg, Wwg, Wwg, Wwg, Wwg, Wwg, Rb, Wwf, Wwg, Gg^Ecf, Mm^Xm, Xu, Wog, Wog, Uu, Uu^Tf, Uu^Vu, Uu^Tf, Xu, Dd, Dd, Xu, _off^_usr, _off^_usr, _off^_usr, _off^_usr, _off^_usr
_off^_usr, _off^_usr, _off^_usr, _off^_usr, Xu, Xu, Xu, Dd, Xu, Uu^Tf, Uu^Tf, Uu^Tf, Uu, Uu, Uu, Xu, Xur, Wwg, Rb, Hh, Gs^Fp, Gd, Gd, Gg, Gg, Gg, Gs^Fp, Gg, Gs^Fp, Xu, Xu, Ss, Ss, Wwf, Wwf, Wwg, Wwf, Wwg, Rb, Rb, Gs, Hh, Rb, Wwf, Xur, Xu, Uu, Uu, Uu, Uu^Tf, Uu^Tf, Uu^Tf, Xu, Dd, Xu, Xu, Xu, _off^_usr, _off^_usr, _off^_usr, _off^_usr
_off^_usr, _off^_usr, _off^_usr, Xu, Rd, Rd, Rd, Xu, Ql, Xu, Xu, Uu, Xu, Cer^Qhh, Xu, Uu, Gs, Gg, Gg, Gs^Fp, Gg, Rb, Gd, Gg, Xu, Gg, Gg, Gg, Gs^Fp, Hh, 5 Ke, Xu, Xu, Ss, Ss, Wwf, Xu, Wwf, Rb, Gll, Gs^Fp, Gs^Fp, Gg, Gg, Gs, Uu, Xu, Co^Qhh, Xu, Uu, Xu, Xu, Ql, Xu, Rd, Rd, Rd, Xu, _off^_usr, _off^_usr, _off^_usr
_off^_usr, _off^_usr, _off^_usr, Xu, Rd, Xu, Rd, Xu, Ql, Ql, Xu, Xu, Xu, Xu, Xu, Xur, Gs, Gd^Vhr, Gg, Gs^Fp, Gs^Fp, Gs, Gs^Fp, Gg, Xu, Hh, Gg, Gg, Gs^Fp, Gd^Vhr, Ce, Ce, Xu, Ss, Xu, Xu, Wwf, Wwf, Rb, Gg, Gs^Fp, Gg, Gg, Gd^Vhr, Gg, Xur, Xu, Xu, Xu, Xu, Xu, Ql, Ql, Xu, Rd, Xu, Rd, Xu, _off^_usr, _off^_usr, _off^_usr
_off^_usr, _off^_usr, _off^_usr, Xu, Xu, Rd, Xu, Xu, Xu, Xu, Aa^Tf, Aa, Aa, Cm, Aa, Aa, Xur, Gg, Rb, Gg, Gg, Rb, Rb, Hh, Gg, Xu, Xu, Gs^Fp, Gg, Gg, Xu, Xu, Rb, Xu, Wwf, Wwf, Rb, Rb, Gg, Gg, Gg, Gs^Fp, Rb, Gg, Xur, Uu, Uu, Cvr, Uu, Uu, Uu^Tf, Xu, Xu, Xu, Xu, Rd, Xu, Xu, _off^_usr, _off^_usr, _off^_usr
_off^_usr, _off^_usr, _off^_usr, _off^_usr, _off^_usr, Xu, Dd, Dd, Xu, Aa^Tf, Aa^Vu, Aa^Tf, Aa, Aa, Ai, Xu, Mm^Xm, Wwg, Wwg, Hh, Rb, Gs^Fp, Gll^Fp, Rb, Gg, Gg, Gs^Fp, Xu, Gg, Gg, Gg, Rb, Wwf, Wwf, Rb, Rb, Gg, Gg, Xu, Gg, Rb, Mm, Wwg, Wwg, Mm^Xm, Xu, Wog, Uu, Uu, Uu^Tf, Uu^Vu, Uu^Tf, Xu, Dd, Dd, Xu, _off^_usr, _off^_usr, _off^_usr, _off^_usr, _off^_usr
_off^_usr, _off^_usr, _off^_usr, _off^_usr, Xu, Xu, Xu, Dd, Xu, Aa^Tf, Aa^Tf, Aa^Tf, Aa, Ai, Xur, Xu, Xur, Gg^Ecf, Rra, Wwf, Rb, Gg, Rb, Gg, Gg, Gg, Gg, Gs, Wwg, Wwg, Wwg, Wwg, Rb, Rb, Gg, Gg, Xu, Xu, Gg, Gg, Rb, Wwf, Rp, Gs^Ecf, Xur, Xur, Xur, Wog, Uu, Uu^Tf, Uu^Tf, Uu^Tf, Xu, Dd, Xu, Xu, Xu, _off^_usr, _off^_usr, _off^_usr, _off^_usr
_off^_usr, _off^_usr, _off^_usr, Xu, Ds, Ds, Ds, Xu, Ai, Xu, Xu, Aa, Aa, Xur, Ww^Wkf, Cm, Rra, Rra, Gg^Ecf, Wwg, Wwg, Mm, Wwg, Gg, Gs^Fp, Gs^Fp, Wwf, Wwg, Rb, Rb, Rb, Rb, Gg, Gs^Fp, Gg, Gs^Fp, Gs^Fp, Gg, Mm, Gg, Wwg, Wwg, Gs^Ecf, Rp, Rp, Cvr, Gll^Ftr, Xur, Uu, Uu, Xu, Xu, Ai, Xu, Ds, Ds, Ds, Xu, _off^_usr, _off^_usr, _off^_usr
_off^_usr, _off^_usr, _off^_usr, Xu, Ds, Xu, Ds, Xu, Ai, Ai, Xu, Xu, Xu, Aa, Ww^Wkf, Ww^Wkf, Rra, Xur, Xu, Xu, Xur, Wwg, Wwg, Ss, Rb, Wwf, Rb, Rb, Gg, Gs^Fp, Gg, Gs^Fp, Gg, Gg, Gs, Hh, Rb, Ss, Wwg, Wwg, Xur, Xu, Xu, Xur, Rp, Gll^Ftr, Gll^Ftr, Gll^Ftr, Xur, Xu, Xu, Ai, Ai, Xu, Ds, Xu, Ds, Xu, _off^_usr, _off^_usr, _off^_usr
_off^_usr, _off^_usr, _off^_usr, Xu, Xu, Ds, Xu, Xu, Xu, Xu, Ql, Xu, Xu, Aa^Fda, Ww^Wkf, Ww^Wkf, Rra, Aa^Vu, Xu, Hh, Gs^Fp, Gg, Gg, Wwg, Wwg, Wwf, Rb, Gg, Hh, Gg, Gg, Gg, Mm, Gg, Gs^Fp, Rb, Wwg, Wwg, Gg, Gg, Gs^Fp, Hh, Xu, Ss^Vhs, Rp, Gll^Ftr, Gll^Ftr, Gll^Ftr, Xu, Xu, Ql, Xu, Xu, Xu, Xu, Ds, Xu, Xu, _off^_usr, _off^_usr, _off^_usr
_off^_usr, _off^_usr, _off^_usr, _off^_usr, _off^_usr, Xu, Ww, Ww, Xu, Ql, Ql, Ql, Xu, Xur, Ww^Wkf, Ww^Wkf, Rra, Aa^Vu, Xu, Gs^Fp, Gs^Fp, Gs^Fp, Xur, Gs, Wwf, Wwf, Ss, Gs, Gg, Gg, Gs^Fp, Gg, Gg, Gs, Ss, Wwf, Wwf, Gs, Xur, Gll^Fp, Gs^Fp, Gs^Fp, Xu, Ss^Vhs, Rp, Gll^Ftr, Gll^Ftr, Xu, Xu, Ql, Ql, Ql, Xu, Ww, Ww, Xu, _off^_usr, _off^_usr, _off^_usr, _off^_usr, _off^_usr
_off^_usr, _off^_usr, _off^_usr, _off^_usr, Xu, Xu, Xu, Ww, Xu, Ql, Ql, Ql, Xu, Ww^Vm, Ww^Wkf, Ww^Wkf, Rra, Aa^Vu, Xu, Gd^Vhr, Gs^Fp, Gs^Fp, Xu, Wwf, Xur, Wwf, Rb, Gg, Gg, Gs^Fp, Gs^Fp, Gs^Fms, Gg, Gg, Rb, Wwf, Xur, Wwf, Xu, Gs^Fp, Gs^Fp, Gd^Vhr, Xu, Ss^Vhs, Rp, Gll^Ftr, Gll^Ftr, Ss^Vhs, Xu, Ql, Ql, Ql, Xu, Ww, Xu, Xu, Xu, _off^_usr, _off^_usr, _off^_usr, _off^_usr
_off^_usr, _off^_usr, _off^_usr, Xu, Aa, Aa, Aa, Xu, Wo, Xu, Xu, Xu, Ww^Vm, Ww^Vm, Ww^Wkf, Ww^Wkf, Rra, Xu, Ce, 4 Ke, Gs^Fp, Hh, Gs^Fp, Xu, Wwf, Wwf, Cm, Gs, Gg, Gg, Gd^Vhr, Gg, Gg, Gs, Cvr, Wwf, Wwf, Xu, Gs^Fp, Hh, Gs^Fp, 3 Ke, Ce, Xu, Rp, Gll^Ftr, Gll^Ftr, Ss^Vhs, Ss^Vhs, Xu, Xu, Xu, Wo, Xu, Aa, Aa, Aa, Xu, _off^_usr, _off^_usr, _off^_usr
_off^_usr, _off^_usr, _off^_usr, Xu, Aa, Xu, Aa, Xu, Wo, Wo, Xu, Xu, Cm, Ww^Vm, Ww^Wkf, Ww^Wkf, Rra, Xu, Xu, Ce, Xu, Gs^Fp, Wwf, Wwf, Ss, Gs, Gg, Gg, Gg, Gs, Gg, Gg, Gg, Gg, Gg, Gs, Ss, Wwf, Wwf, Gs^Fp, Xu, Ce, Xu, Xu, Rp, Gll^Ftr, Gll^Ftr, Ss^Vhs, Cvr, Xu, Xu, Wo, Wo, Xu, Aa, Xu, Aa, Xu, _off^_usr, _off^_usr, _off^_usr
_off^_usr, _off^_usr, _off^_usr, Xu, Xu, Aa, Xu, Xu, Xu, Xu, Ai, Xu, Xu, Cm, Rra, Rra, Ww^Wkf, Rra, Rra, Xu, Aa^Vu, Xu, Xur, Wwg, Xur, Gll^Fp, Xu, Gs^Fp, Gs, Gg, Gs^Fp, Gs, Gg, Gs^Fp, Xu, Gll^Fp, Xur, Wwg, Xur, Xu, Ss^Vhs, Xu, Rp, Rp, Gll^Ftr, Rp, Rp, Cvr, Xu, Xu, Ai, Xu, Xu, Xu, Xu, Aa, Xu, Xu, _off^_usr, _off^_usr, _off^_usr
_off^_usr, _off^_usr, _off^_usr, _off^_usr, _off^_usr, Xu, _off^_usr, _off^_usr, Xu, Ai, Xu, Xu, Cm, Cm, Cm, Cm, Cm, Ww^Wkf, Ww^Wkf, Rra, Aa^Vu, Aa^Vu, Xu, Wwg, Wwg, Xu, Uu^Tf, Xu, Xur, Gll, Re, Gll, Xur, Xu, Uu^Tf, Xu, Wwg, Wwg, Xu, Ss^Vhs, Ss^Vhs, Rp, Gll^Ftr, Gll^Ftr, Cvr, Cvr, Cvr, Cvr, Cvr, Xu, Xu, Ai, Xu, _off^_usr, _off^_usr, Xu, _off^_usr, _off^_usr, _off^_usr, _off^_usr, _off^_usr
_off^_usr, _off^_usr, _off^_usr, _off^_usr, _off^_usr, _off^_usr, _off^_usr, _off^_usr, Xu, Ai, Ai, Xu, Xu, 7 Km, Cm, Xu, Xu, Xu, Xu, Aa, Xur, Xu, Xu, Wwg, Wwg, Xu, Uu, Uu, Uu, Rb, Uu, Rb, Uu, Uu, Uu, Xu, Wwg, Wwg, Xu, Xu, Xur, Uu, Xu, Xu, Xu, Xu, Cvr, 8 Kvr, Xu, Xu, Ai, Ai, Xu, _off^_usr, _off^_usr, _off^_usr, _off^_usr, _off^_usr, _off^_usr, _off^_usr, _off^_usr
_off^_usr, _off^_usr, _off^_usr, _off^_usr, _off^_usr, _off^_usr, _off^_usr, _off^_usr, _off^_usr, Xu, Xu, Xu, _off^_usr, Xu, Xu, Xu, Ww, Xu, Xu, Aa, Aa, Aa, Aa, Xur, Qxua^Ii, Wwg, Wwg, Wwf, Xur, Uu^Tf, Uu, Uu^Tf, Xur, Wwf, Wwg, Wwg, Qxua^Ii, Xur, Uu, Uu, Uu, Uu, Xu, Xu, Ww, Xu, Xu, Xu, _off^_usr, Xu, Xu, Xu, _off^_usr, _off^_usr, _off^_usr, _off^_usr, _off^_usr, _off^_usr, _off^_usr, _off^_usr, _off^_usr
_off^_usr, _off^_usr, _off^_usr, _off^_usr, _off^_usr, _off^_usr, _off^_usr, _off^_usr, _off^_usr, _off^_usr, _off^_usr, _off^_usr, _off^_usr, Xu, Ww, Xu, Ww, Xu, Xu, Xu, Xu, Xu, Xu, Aa, Uu, Wwg, Wwg, Xur, Xur, Uu, Uu, Uu, Xur, Xur, Wwg, Wwg, Uu, Uu, Xu, Xu, Xu, Xu, Xu, Xu, Ww, Xu, Ww, Xu, _off^_usr, _off^_usr, _off^_usr, _off^_usr, _off^_usr, _off^_usr, _off^_usr, _off^_usr, _off^_usr, _off^_usr, _off^_usr, _off^_usr, _off^_usr
_off^_usr, _off^_usr, _off^_usr, _off^_usr, _off^_usr, _off^_usr, _off^_usr, _off^_usr, _off^_usr, _off^_usr, _off^_usr, _off^_usr, _off^_usr, Xu, Xu, Ww, Xu, Xu, Xu, Xu, Wo, Xu, Xu, Xu, Xu, Uu, Uh, Wwg, Wwf, Uu^Tf, Wwf, Uu^Tf, Wwf, Wwg, Uh, Uu, Xu, Xu, Xu, Xu, Wo, Xu, Xu, Xu, Xu, Ww, Xu, Xu, _off^_usr, _off^_usr, _off^_usr, _off^_usr, _off^_usr, _off^_usr, _off^_usr, _off^_usr, _off^_usr, _off^_usr, _off^_usr, _off^_usr, _off^_usr
_off^_usr, _off^_usr, _off^_usr, _off^_usr, _off^_usr, _off^_usr, _off^_usr, _off^_usr, _off^_usr, _off^_usr, _off^_usr, _off^_usr, _off^_usr, _off^_usr, _off^_usr, Xu, _off^_usr, _off^_usr, Xu, Wo, Xu, Wo, Xu, Wog^Qhh, Wog, Xu, Wwf, Wwf, Wwg, Wwf, Wog^Qhu, Wwf, Wwg, Wwf, Wwf, Xu, Wog, Wog^Qhh, Xu, Wo, Xu, Wo, Xu, _off^_usr, _off^_usr, Xu, _off^_usr, _off^_usr, _off^_usr, _off^_usr, _off^_usr, _off^_usr, _off^_usr, _off^_usr, _off^_usr, _off^_usr, _off^_usr, _off^_usr, _off^_usr, _off^_usr, _off^_usr
_off^_usr, _off^_usr, _off^_usr, _off^_usr, _off^_usr, _off^_usr, _off^_usr, _off^_usr, _off^_usr, _off^_usr, _off^_usr, _off^_usr, _off^_usr, _off^_usr, _off^_usr, _off^_usr, _off^_usr, _off^_usr, Xu, Wo, Wo, Wo, Xu, Wog, Wog, Wog, Wwf, Wwg, Wwg, Wog^Qhu, Qxu^Ii, Wog^Qhu, Wwg, Wwg, Wwf, Wog, Wog, Wog, Xu, Wo, Wo, Wo, Xu, _off^_usr, _off^_usr, _off^_usr, _off^_usr, _off^_usr, _off^_usr, _off^_usr, _off^_usr, _off^_usr, _off^_usr, _off^_usr, _off^_usr, _off^_usr, _off^_usr, _off^_usr, _off^_usr, _off^_usr, _off^_usr
_off^_usr, _off^_usr, _off^_usr, _off^_usr, _off^_usr, _off^_usr, _off^_usr, _off^_usr, _off^_usr, _off^_usr, _off^_usr, _off^_usr, _off^_usr, _off^_usr, _off^_usr, _off^_usr, _off^_usr, _off^_usr, _off^_usr, Xu, Xu, Xu, Xu, Wog^Qhh, Xu, Xu, Uh, Wwf, Wwf, Wog^Qhu, Wog^Qhu, Wog^Qhu, Wwf, Wwf, Uh, Xu, Xu, Wog^Qhh, Xu, Xu, Xu, Xu, _off^_usr, _off^_usr, _off^_usr, _off^_usr, _off^_usr, _off^_usr, _off^_usr, _off^_usr, _off^_usr, _off^_usr, _off^_usr, _off^_usr, _off^_usr, _off^_usr, _off^_usr, _off^_usr, _off^_usr, _off^_usr, _off^_usr
_off^_usr, _off^_usr, _off^_usr, _off^_usr, _off^_usr, _off^_usr, _off^_usr, _off^_usr, _off^_usr, _off^_usr, _off^_usr, _off^_usr, _off^_usr, _off^_usr, _off^_usr, _off^_usr, _off^_usr, _off^_usr, _off^_usr, Xu, Ql, Ql, Ql, Xu, Uu, Xu, Uu, Wwf, Wog^Qhh, Wwf, Wwf, Wwf, Wog^Qhh, Wwf, Uu, Xu, Uu, Xu, Ql, Ql, Ql, Xu, _off^_usr, _off^_usr, _off^_usr, _off^_usr, _off^_usr, _off^_usr, _off^_usr, _off^_usr, _off^_usr, _off^_usr, _off^_usr, _off^_usr, _off^_usr, _off^_usr, _off^_usr, _off^_usr, _off^_usr, _off^_usr, _off^_usr
_off^_usr, _off^_usr, _off^_usr, _off^_usr, _off^_usr, _off^_usr, _off^_usr, _off^_usr, _off^_usr, _off^_usr, _off^_usr, _off^_usr, _off^_usr, _off^_usr, _off^_usr, _off^_usr, _off^_usr, _off^_usr, _off^_usr, Xu, Ql, Ql, Ql, Xu, Xu, Uu, Xu, Xu, Xu, Wog^Qhh, Xu, Wog^Qhh, Xu, Xu, Xu, Uu, Xu, Xu, Ql, Ql, Ql, Xu, _off^_usr, _off^_usr, _off^_usr, _off^_usr, _off^_usr, _off^_usr, _off^_usr, _off^_usr, _off^_usr, _off^_usr, _off^_usr, _off^_usr, _off^_usr, _off^_usr, _off^_usr, _off^_usr, _off^_usr, _off^_usr, _off^_usr
_off^_usr, _off^_usr, _off^_usr, _off^_usr, _off^_usr, _off^_usr, _off^_usr, _off^_usr, _off^_usr, _off^_usr, _off^_usr, _off^_usr, _off^_usr, _off^_usr, _off^_usr, _off^_usr, _off^_usr, _off^_usr, _off^_usr, Xu, Xu, Ql, Xu, Xu, _off^_usr, Xu, _off^_usr, _off^_usr, Xu, Xu, Aa, Xu, Xu, _off^_usr, _off^_usr, Xu, _off^_usr, Xu, Xu, Ql, Xu, Xu, _off^_usr, _off^_usr, _off^_usr, _off^_usr, _off^_usr, _off^_usr, _off^_usr, _off^_usr, _off^_usr, _off^_usr, _off^_usr, _off^_usr, _off^_usr, _off^_usr, _off^_usr, _off^_usr, _off^_usr, _off^_usr, _off^_usr
_off^_usr, _off^_usr, _off^_usr, _off^_usr, _off^_usr, _off^_usr, _off^_usr, _off^_usr, _off^_usr, _off^_usr, _off^_usr, _off^_usr, _off^_usr, _off^_usr, _off^_usr, _off^_usr, _off^_usr, _off^_usr, _off^_usr, _off^_usr, _off^_usr, Xu, _off^_usr, _off^_usr, _off^_usr, _off^_usr, _off^_usr, _off^_usr, Xu, Aa, Aa, Aa, Xu, _off^_usr, _off^_usr, _off^_usr, _off^_usr, _off^_usr, _off^_usr, Xu, _off^_usr, _off^_usr, _off^_usr, _off^_usr, _off^_usr, _off^_usr, _off^_usr, _off^_usr, _off^_usr, _off^_usr, _off^_usr, _off^_usr, _off^_usr, _off^_usr, _off^_usr, _off^_usr, _off^_usr, _off^_usr, _off^_usr, _off^_usr, _off^_usr
_off^_usr, _off^_usr, _off^_usr, _off^_usr, _off^_usr, _off^_usr, _off^_usr, _off^_usr, _off^_usr, _off^_usr, _off^_usr, _off^_usr, _off^_usr, _off^_usr, _off^_usr, _off^_usr, _off^_usr, _off^_usr, _off^_usr, _off^_usr, _off^_usr, _off^_usr, _off^_usr, _off^_usr, _off^_usr, _off^_usr, _off^_usr, _off^_usr, _off^_usr, Xu, Xu, Xu, _off^_usr, _off^_usr, _off^_usr, _off^_usr, _off^_usr, _off^_usr, _off^_usr, _off^_usr, _off^_usr, _off^_usr, _off^_usr, _off^_usr, _off^_usr, _off^_usr, _off^_usr, _off^_usr, _off^_usr, _off^_usr, _off^_usr, _off^_usr, _off^_usr, _off^_usr, _off^_usr, _off^_usr, _off^_usr, _off^_usr, _off^_usr, _off^_usr, _off^_usr
_off^_usr, _off^_usr, _off^_usr, _off^_usr, _off^_usr, _off^_usr, _off^_usr, _off^_usr, _off^_usr, _off^_usr, _off^_usr, _off^_usr, _off^_usr, _off^_usr, _off^_usr, _off^_usr, _off^_usr, _off^_usr, _off^_usr, _off^_usr, _off^_usr, _off^_usr, _off^_usr, _off^_usr, _off^_usr, _off^_usr, _off^_usr, _off^_usr, _off^_usr, _off^_usr, _off^_usr, _off^_usr, _off^_usr, _off^_usr, _off^_usr, _off^_usr, _off^_usr, _off^_usr, _off^_usr, _off^_usr, _off^_usr, _off^_usr, _off^_usr, _off^_usr, _off^_usr, _off^_usr, _off^_usr, _off^_usr, _off^_usr, _off^_usr, _off^_usr, _off^_usr, _off^_usr, _off^_usr, _off^_usr, _off^_usr, _off^_usr, _off^_usr, _off^_usr, _off^_usr, _off^_usr
_off^_usr, _off^_usr, _off^_usr, _off^_usr, _off^_usr, _off^_usr, _off^_usr, _off^_usr, _off^_usr, _off^_usr, _off^_usr, _off^_usr, _off^_usr, _off^_usr, _off^_usr, _off^_usr, _off^_usr, _off^_usr, _off^_usr, _off^_usr, _off^_usr, _off^_usr, _off^_usr, _off^_usr, _off^_usr, _off^_usr, _off^_usr, _off^_usr, _off^_usr, _off^_usr, _off^_usr, _off^_usr, _off^_usr, _off^_usr, _off^_usr, _off^_usr, _off^_usr, _off^_usr, _off^_usr, _off^_usr, _off^_usr, _off^_usr, _off^_usr, _off^_usr, _off^_usr, _off^_usr, _off^_usr, _off^_usr, _off^_usr, _off^_usr, _off^_usr, _off^_usr, _off^_usr, _off^_usr, _off^_usr, _off^_usr, _off^_usr, _off^_usr, _off^_usr, _off^_usr, _off^_usr
_off^_usr, _off^_usr, _off^_usr, _off^_usr, _off^_usr, _off^_usr, _off^_usr, _off^_usr, _off^_usr, _off^_usr, _off^_usr, _off^_usr, _off^_usr, _off^_usr, _off^_usr, _off^_usr, _off^_usr, _off^_usr, _off^_usr, _off^_usr, _off^_usr, _off^_usr, _off^_usr, _off^_usr, _off^_usr, _off^_usr, _off^_usr, _off^_usr, _off^_usr, _off^_usr, _off^_usr, _off^_usr, _off^_usr, _off^_usr, _off^_usr, _off^_usr, _off^_usr, _off^_usr, _off^_usr, _off^_usr, _off^_usr, _off^_usr, _off^_usr, _off^_usr, _off^_usr, _off^_usr, _off^_usr, _off^_usr, _off^_usr, _off^_usr, _off^_usr, _off^_usr, _off^_usr, _off^_usr, _off^_usr, _off^_usr, _off^_usr, _off^_usr, _off^_usr, _off^_usr, _off^_usr
